
> react-typescript-starter@0.1.0 test
> react-scripts test "--coverage"

PASS src/nested.test.ts
PASS src/arrays.test.ts
PASS src/objects.test.ts
PASS src/components/StartAttempt.test.tsx
PASS src/components/TwoDice.test.tsx
PASS src/bad-components/ChooseTeam.test.tsx
PASS src/form-components/MultipleChoiceQuestion.test.tsx
PASS src/bad-components/DoubleHalf.test.tsx
PASS src/functions.test.ts
PASS src/form-components/CheckAnswer.test.tsx
PASS src/form-components/EditMode.test.tsx
PASS src/components/ChangeType.test.tsx
PASS src/components/CycleHoliday.test.tsx
FAIL src/form-components/GiveAttempts.test.tsx
  ● Console

    console.error
      Warning: Received NaN for the `value` attribute. If this is expected, cast the value to a string.
          at input
          at /home/runner/work/tasks/tasks/node_modules/react-bootstrap/cjs/FormControl.js:27:3
          at div
          at /home/runner/work/tasks/tasks/node_modules/react-bootstrap/cjs/FormGroup.js:19:3
          at div
          at RequestAttempts (/home/runner/work/tasks/tasks/src/form-components/GiveAttempts.tsx:25:28)
          at div
          at GiveAttempts (/home/runner/work/tasks/tasks/src/form-components/GiveAttempts.tsx:44:38)

      at printWarning (node_modules/react-dom/cjs/react-dom.development.js:67:30)
      at error (node_modules/react-dom/cjs/react-dom.development.js:43:5)
      at validateProperty$1 (node_modules/react-dom/cjs/react-dom.development.js:3492:7)
      at warnUnknownProperties (node_modules/react-dom/cjs/react-dom.development.js:3559:21)
      at validateProperties$2 (node_modules/react-dom/cjs/react-dom.development.js:3583:3)
      at validatePropertiesInDevelopment (node_modules/react-dom/cjs/react-dom.development.js:8765:5)
      at diffProperties (node_modules/react-dom/cjs/react-dom.development.js:9172:5)
      at prepareUpdate (node_modules/react-dom/cjs/react-dom.development.js:10215:10)

  ● GiveAttempts Component tests › Cannot gain blank amounts

    TestingLibraryElementError: Unable to find an element with the text: /3/i. This could be because the text is broken up by multiple elements. In this case, you can provide a function for your text matcher to make your matcher more flexible.

    Ignored nodes: comments, <script />, <style />
    [36m<body>[39m
      [36m<div>[39m
        [36m<div>[39m
          [36m<h3>[39m
            [0mGive Attempts[0m
          [36m</h3>[39m
          [36m<div>[39m
            [36m<div>[39m
              [36m<label[39m
                [33mclass[39m=[32m"form-label"[39m
                [33mfor[39m=[32m"formAttempts"[39m
              [36m>[39m
                [0mAttempts:[0m
              [36m</label>[39m
              [36m<input[39m
                [33mclass[39m=[32m"form-control"[39m
                [33mid[39m=[32m"formAttempts"[39m
                [33mtype[39m=[32m"number"[39m
                [33mvalue[39m=[32m"NaN"[39m
              [36m/>[39m
            [36m</div>[39m
          [36m</div>[39m
          [36m<button[39m
            [33mclass[39m=[32m"btn btn-primary"[39m
            [33mtype[39m=[32m"button"[39m
          [36m>[39m
            [0muse[0m
          [36m</button>[39m
          [36m<button[39m
            [33mclass[39m=[32m"btn btn-primary"[39m
            [33mtype[39m=[32m"button"[39m
          [36m>[39m
            [0mgain[0m
          [36m</button>[39m
          [36m<div>[39m
            [0mCurrently, there are [0m
            [0mNaN[0m
            [0m attempts available.[0m
          [36m</div>[39m
        [36m</div>[39m
      [36m</div>[39m
    [36m</body>[39m

      42 |         fireEvent.change(amountToGive, { target: { value: "" } });
      43 |         gain.click();
    > 44 |         expect(screen.getByText(/3/i)).toBeInTheDocument();
         |                       ^
      45 |     });
      46 | });
      47 |

      at Object.getElementError (node_modules/@testing-library/dom/dist/config.js:38:19)
      at node_modules/@testing-library/dom/dist/query-helpers.js:90:38
      at node_modules/@testing-library/dom/dist/query-helpers.js:62:17
      at getByText (node_modules/@testing-library/dom/dist/query-helpers.js:111:19)
      at Object.<anonymous> (src/form-components/GiveAttempts.test.tsx:44:23)

PASS src/form-components/ChangeColor.test.tsx
PASS src/components/Counter.test.tsx
PASS src/components/RevealAnswer.test.tsx
PASS src/bad-components/ColoredBox.test.tsx
PASS src/bad-components/ShoveBox.test.tsx
PASS src/App.test.tsx
-----------------------------|---------|----------|---------|---------|-------------------
File                         | % Stmts | % Branch | % Funcs | % Lines | Uncovered Line #s 
-----------------------------|---------|----------|---------|---------|-------------------
All files                    |     100 |      100 |     100 |     100 |                   
 src                         |     100 |      100 |     100 |     100 |                   
  App.tsx                    |     100 |      100 |     100 |     100 |                   
  arrays.ts                  |     100 |      100 |     100 |     100 |                   
  functions.ts               |     100 |      100 |     100 |     100 |                   
  nested.ts                  |     100 |      100 |     100 |     100 |                   
  objects.ts                 |     100 |      100 |     100 |     100 |                   
 src/bad-components          |     100 |      100 |     100 |     100 |                   
  ChooseTeam.tsx             |     100 |      100 |     100 |     100 |                   
  ColoredBox.tsx             |     100 |      100 |     100 |     100 |                   
  DoubleHalf.tsx             |     100 |      100 |     100 |     100 |                   
  ShoveBox.tsx               |     100 |      100 |     100 |     100 |                   
 src/components              |     100 |      100 |     100 |     100 |                   
  ChangeType.tsx             |     100 |      100 |     100 |     100 |                   
  Counter.tsx                |     100 |      100 |     100 |     100 |                   
  CycleHoliday.tsx           |     100 |      100 |     100 |     100 |                   
  RevealAnswer.tsx           |     100 |      100 |     100 |     100 |                   
  StartAttempt.tsx           |     100 |      100 |     100 |     100 |                   
  TwoDice.tsx                |     100 |      100 |     100 |     100 |                   
 src/form-components         |     100 |      100 |     100 |     100 |                   
  ChangeColor.tsx            |     100 |      100 |     100 |     100 |                   
  CheckAnswer.tsx            |     100 |      100 |     100 |     100 |                   
  EditMode.tsx               |     100 |      100 |     100 |     100 |                   
  GiveAttempts.tsx           |     100 |      100 |     100 |     100 |                   
  MultipleChoiceQuestion.tsx |     100 |      100 |     100 |     100 |                   
 src/interfaces              |       0 |        0 |       0 |       0 |                   
  answer.ts                  |       0 |        0 |       0 |       0 |                   
  question.ts                |       0 |        0 |       0 |       0 |                   
-----------------------------|---------|----------|---------|---------|-------------------

Test Suites: 1 failed, 19 passed, 20 total
Tests:       1 failed, 134 passed, 135 total
Snapshots:   0 total
Time:        15.102 s
Ran all test suites.
